// Jest Snapshot v1, https://goo.gl/fbAQLP

exports[`<Text /> variants and colors variant: body1, color: cancel matches snapshot 1`] = `"text-cancel leading-normal font-body"`;

exports[`<Text /> variants and colors variant: body1, color: dark matches snapshot 1`] = `"text-dark leading-normal font-body"`;

exports[`<Text /> variants and colors variant: body1, color: error matches snapshot 1`] = `"text-error leading-normal font-body"`;

exports[`<Text /> variants and colors variant: body1, color: light matches snapshot 1`] = `"text-light leading-normal font-body"`;

exports[`<Text /> variants and colors variant: body1, color: primary matches snapshot 1`] = `"text-primary leading-normal font-body"`;

exports[`<Text /> variants and colors variant: body1, color: secondary matches snapshot 1`] = `"text-secondary leading-normal font-body"`;

exports[`<Text /> variants and colors variant: body1, color: success matches snapshot 1`] = `"text-success leading-normal font-body"`;

exports[`<Text /> variants and colors variant: body1, color: warning matches snapshot 1`] = `"text-dark border-warning border-b-4 border-solid leading-normal font-body"`;

exports[`<Text /> variants and colors variant: button, color: cancel matches snapshot 1`] = `"text-cancel font-bold font-body uppercase"`;

exports[`<Text /> variants and colors variant: button, color: dark matches snapshot 1`] = `"text-dark font-bold font-body uppercase"`;

exports[`<Text /> variants and colors variant: button, color: error matches snapshot 1`] = `"text-error font-bold font-body uppercase"`;

exports[`<Text /> variants and colors variant: button, color: light matches snapshot 1`] = `"text-light font-bold font-body uppercase"`;

exports[`<Text /> variants and colors variant: button, color: primary matches snapshot 1`] = `"text-primary font-bold font-body uppercase"`;

exports[`<Text /> variants and colors variant: button, color: secondary matches snapshot 1`] = `"text-secondary font-bold font-body uppercase"`;

exports[`<Text /> variants and colors variant: button, color: success matches snapshot 1`] = `"text-success font-bold font-body uppercase"`;

exports[`<Text /> variants and colors variant: button, color: warning matches snapshot 1`] = `"text-dark border-warning border-b-4 border-solid font-bold font-body uppercase"`;

exports[`<Text /> variants and colors variant: caption, color: cancel matches snapshot 1`] = `"text-cancel text-xs text-gray-600 font-body"`;

exports[`<Text /> variants and colors variant: caption, color: dark matches snapshot 1`] = `"text-dark text-xs text-gray-600 font-body"`;

exports[`<Text /> variants and colors variant: caption, color: error matches snapshot 1`] = `"text-error text-xs text-gray-600 font-body"`;

exports[`<Text /> variants and colors variant: caption, color: light matches snapshot 1`] = `"text-light text-xs text-gray-600 font-body"`;

exports[`<Text /> variants and colors variant: caption, color: primary matches snapshot 1`] = `"text-primary text-xs text-gray-600 font-body"`;

exports[`<Text /> variants and colors variant: caption, color: secondary matches snapshot 1`] = `"text-secondary text-xs text-gray-600 font-body"`;

exports[`<Text /> variants and colors variant: caption, color: success matches snapshot 1`] = `"text-success text-xs text-gray-600 font-body"`;

exports[`<Text /> variants and colors variant: caption, color: warning matches snapshot 1`] = `"text-dark border-warning border-b-4 border-solid text-xs text-gray-600 font-body"`;

exports[`<Text /> variants and colors variant: h1, color: cancel matches snapshot 1`] = `"text-cancel text-4xl tracking-tighter font-display leading-tight"`;

exports[`<Text /> variants and colors variant: h1, color: dark matches snapshot 1`] = `"text-dark text-4xl tracking-tighter font-display leading-tight"`;

exports[`<Text /> variants and colors variant: h1, color: error matches snapshot 1`] = `"text-error text-4xl tracking-tighter font-display leading-tight"`;

exports[`<Text /> variants and colors variant: h1, color: light matches snapshot 1`] = `"text-light text-4xl tracking-tighter font-display leading-tight"`;

exports[`<Text /> variants and colors variant: h1, color: primary matches snapshot 1`] = `"text-primary text-4xl tracking-tighter font-display leading-tight"`;

exports[`<Text /> variants and colors variant: h1, color: secondary matches snapshot 1`] = `"text-secondary text-4xl tracking-tighter font-display leading-tight"`;

exports[`<Text /> variants and colors variant: h1, color: success matches snapshot 1`] = `"text-success text-4xl tracking-tighter font-display leading-tight"`;

exports[`<Text /> variants and colors variant: h1, color: warning matches snapshot 1`] = `"text-dark border-warning border-b-4 border-solid text-4xl tracking-tighter font-display leading-tight"`;

exports[`<Text /> variants and colors variant: h2, color: cancel matches snapshot 1`] = `"text-cancel text-2xl tracking-tighter font-display leading-tight"`;

exports[`<Text /> variants and colors variant: h2, color: dark matches snapshot 1`] = `"text-dark text-2xl tracking-tighter font-display leading-tight"`;

exports[`<Text /> variants and colors variant: h2, color: error matches snapshot 1`] = `"text-error text-2xl tracking-tighter font-display leading-tight"`;

exports[`<Text /> variants and colors variant: h2, color: light matches snapshot 1`] = `"text-light text-2xl tracking-tighter font-display leading-tight"`;

exports[`<Text /> variants and colors variant: h2, color: primary matches snapshot 1`] = `"text-primary text-2xl tracking-tighter font-display leading-tight"`;

exports[`<Text /> variants and colors variant: h2, color: secondary matches snapshot 1`] = `"text-secondary text-2xl tracking-tighter font-display leading-tight"`;

exports[`<Text /> variants and colors variant: h2, color: success matches snapshot 1`] = `"text-success text-2xl tracking-tighter font-display leading-tight"`;

exports[`<Text /> variants and colors variant: h2, color: warning matches snapshot 1`] = `"text-dark border-warning border-b-4 border-solid text-2xl tracking-tighter font-display leading-tight"`;

exports[`<Text /> variants and colors variant: h3, color: cancel matches snapshot 1`] = `"text-cancel text-xl tracking-tighter font-display leading-tight"`;

exports[`<Text /> variants and colors variant: h3, color: dark matches snapshot 1`] = `"text-dark text-xl tracking-tighter font-display leading-tight"`;

exports[`<Text /> variants and colors variant: h3, color: error matches snapshot 1`] = `"text-error text-xl tracking-tighter font-display leading-tight"`;

exports[`<Text /> variants and colors variant: h3, color: light matches snapshot 1`] = `"text-light text-xl tracking-tighter font-display leading-tight"`;

exports[`<Text /> variants and colors variant: h3, color: primary matches snapshot 1`] = `"text-primary text-xl tracking-tighter font-display leading-tight"`;

exports[`<Text /> variants and colors variant: h3, color: secondary matches snapshot 1`] = `"text-secondary text-xl tracking-tighter font-display leading-tight"`;

exports[`<Text /> variants and colors variant: h3, color: success matches snapshot 1`] = `"text-success text-xl tracking-tighter font-display leading-tight"`;

exports[`<Text /> variants and colors variant: h3, color: warning matches snapshot 1`] = `"text-dark border-warning border-b-4 border-solid text-xl tracking-tighter font-display leading-tight"`;

exports[`<Text /> variants and colors variant: h4, color: cancel matches snapshot 1`] = `"text-cancel text-lg tracking-tight font-display leading-tight"`;

exports[`<Text /> variants and colors variant: h4, color: dark matches snapshot 1`] = `"text-dark text-lg tracking-tight font-display leading-tight"`;

exports[`<Text /> variants and colors variant: h4, color: error matches snapshot 1`] = `"text-error text-lg tracking-tight font-display leading-tight"`;

exports[`<Text /> variants and colors variant: h4, color: light matches snapshot 1`] = `"text-light text-lg tracking-tight font-display leading-tight"`;

exports[`<Text /> variants and colors variant: h4, color: primary matches snapshot 1`] = `"text-primary text-lg tracking-tight font-display leading-tight"`;

exports[`<Text /> variants and colors variant: h4, color: secondary matches snapshot 1`] = `"text-secondary text-lg tracking-tight font-display leading-tight"`;

exports[`<Text /> variants and colors variant: h4, color: success matches snapshot 1`] = `"text-success text-lg tracking-tight font-display leading-tight"`;

exports[`<Text /> variants and colors variant: h4, color: warning matches snapshot 1`] = `"text-dark border-warning border-b-4 border-solid text-lg tracking-tight font-display leading-tight"`;

exports[`<Text /> variants and colors variant: h5, color: cancel matches snapshot 1`] = `"text-cancel text-sm tracking-tight font-display leading-tight"`;

exports[`<Text /> variants and colors variant: h5, color: dark matches snapshot 1`] = `"text-dark text-sm tracking-tight font-display leading-tight"`;

exports[`<Text /> variants and colors variant: h5, color: error matches snapshot 1`] = `"text-error text-sm tracking-tight font-display leading-tight"`;

exports[`<Text /> variants and colors variant: h5, color: light matches snapshot 1`] = `"text-light text-sm tracking-tight font-display leading-tight"`;

exports[`<Text /> variants and colors variant: h5, color: primary matches snapshot 1`] = `"text-primary text-sm tracking-tight font-display leading-tight"`;

exports[`<Text /> variants and colors variant: h5, color: secondary matches snapshot 1`] = `"text-secondary text-sm tracking-tight font-display leading-tight"`;

exports[`<Text /> variants and colors variant: h5, color: success matches snapshot 1`] = `"text-success text-sm tracking-tight font-display leading-tight"`;

exports[`<Text /> variants and colors variant: h5, color: warning matches snapshot 1`] = `"text-dark border-warning border-b-4 border-solid text-sm tracking-tight font-display leading-tight"`;

exports[`<Text /> variants and colors variant: h6, color: cancel matches snapshot 1`] = `"text-cancel text-xs font-display leading-tight"`;

exports[`<Text /> variants and colors variant: h6, color: dark matches snapshot 1`] = `"text-dark text-xs font-display leading-tight"`;

exports[`<Text /> variants and colors variant: h6, color: error matches snapshot 1`] = `"text-error text-xs font-display leading-tight"`;

exports[`<Text /> variants and colors variant: h6, color: light matches snapshot 1`] = `"text-light text-xs font-display leading-tight"`;

exports[`<Text /> variants and colors variant: h6, color: primary matches snapshot 1`] = `"text-primary text-xs font-display leading-tight"`;

exports[`<Text /> variants and colors variant: h6, color: secondary matches snapshot 1`] = `"text-secondary text-xs font-display leading-tight"`;

exports[`<Text /> variants and colors variant: h6, color: success matches snapshot 1`] = `"text-success text-xs font-display leading-tight"`;

exports[`<Text /> variants and colors variant: h6, color: warning matches snapshot 1`] = `"text-dark border-warning border-b-4 border-solid text-xs font-display leading-tight"`;

exports[`<Text /> variants and colors variant: overline, color: cancel matches snapshot 1`] = `"text-cancel uppercase text-sm font-body"`;

exports[`<Text /> variants and colors variant: overline, color: dark matches snapshot 1`] = `"text-dark uppercase text-sm font-body"`;

exports[`<Text /> variants and colors variant: overline, color: error matches snapshot 1`] = `"text-error uppercase text-sm font-body"`;

exports[`<Text /> variants and colors variant: overline, color: light matches snapshot 1`] = `"text-light uppercase text-sm font-body"`;

exports[`<Text /> variants and colors variant: overline, color: primary matches snapshot 1`] = `"text-primary uppercase text-sm font-body"`;

exports[`<Text /> variants and colors variant: overline, color: secondary matches snapshot 1`] = `"text-secondary uppercase text-sm font-body"`;

exports[`<Text /> variants and colors variant: overline, color: success matches snapshot 1`] = `"text-success uppercase text-sm font-body"`;

exports[`<Text /> variants and colors variant: overline, color: warning matches snapshot 1`] = `"text-dark border-warning border-b-4 border-solid uppercase text-sm font-body"`;

exports[`<Text /> variants and colors variant: subtitle, color: cancel matches snapshot 1`] = `"text-cancel text-sm font-body"`;

exports[`<Text /> variants and colors variant: subtitle, color: dark matches snapshot 1`] = `"text-dark text-sm font-body"`;

exports[`<Text /> variants and colors variant: subtitle, color: error matches snapshot 1`] = `"text-error text-sm font-body"`;

exports[`<Text /> variants and colors variant: subtitle, color: light matches snapshot 1`] = `"text-light text-sm font-body"`;

exports[`<Text /> variants and colors variant: subtitle, color: primary matches snapshot 1`] = `"text-primary text-sm font-body"`;

exports[`<Text /> variants and colors variant: subtitle, color: secondary matches snapshot 1`] = `"text-secondary text-sm font-body"`;

exports[`<Text /> variants and colors variant: subtitle, color: success matches snapshot 1`] = `"text-success text-sm font-body"`;

exports[`<Text /> variants and colors variant: subtitle, color: warning matches snapshot 1`] = `"text-dark border-warning border-b-4 border-solid text-sm font-body"`;
