// Jest Snapshot v1, https://goo.gl/fbAQLP

exports[`<Button /> variants Variant: icon, color: cancel, size: lg matches snapshot 1`] = `"hover:opacity-75 focus:opacity-75 focus:outline-none text-cancel w-8 h-8"`;

exports[`<Button /> variants Variant: icon, color: cancel, size: md matches snapshot 1`] = `"hover:opacity-75 focus:opacity-75 focus:outline-none text-cancel w-6 h-6"`;

exports[`<Button /> variants Variant: icon, color: cancel, size: sm matches snapshot 1`] = `"hover:opacity-75 focus:opacity-75 focus:outline-none text-cancel w-4 h-4"`;

exports[`<Button /> variants Variant: icon, color: error, size: lg matches snapshot 1`] = `"hover:opacity-75 focus:opacity-75 focus:outline-none text-error w-8 h-8"`;

exports[`<Button /> variants Variant: icon, color: error, size: md matches snapshot 1`] = `"hover:opacity-75 focus:opacity-75 focus:outline-none text-error w-6 h-6"`;

exports[`<Button /> variants Variant: icon, color: error, size: sm matches snapshot 1`] = `"hover:opacity-75 focus:opacity-75 focus:outline-none text-error w-4 h-4"`;

exports[`<Button /> variants Variant: icon, color: primary, size: lg matches snapshot 1`] = `"hover:opacity-75 focus:opacity-75 focus:outline-none text-primary w-8 h-8"`;

exports[`<Button /> variants Variant: icon, color: primary, size: md matches snapshot 1`] = `"hover:opacity-75 focus:opacity-75 focus:outline-none text-primary w-6 h-6"`;

exports[`<Button /> variants Variant: icon, color: primary, size: sm matches snapshot 1`] = `"hover:opacity-75 focus:opacity-75 focus:outline-none text-primary w-4 h-4"`;

exports[`<Button /> variants Variant: icon, color: secondary, size: lg matches snapshot 1`] = `"hover:opacity-75 focus:opacity-75 focus:outline-none text-secondary w-8 h-8"`;

exports[`<Button /> variants Variant: icon, color: secondary, size: md matches snapshot 1`] = `"hover:opacity-75 focus:opacity-75 focus:outline-none text-secondary w-6 h-6"`;

exports[`<Button /> variants Variant: icon, color: secondary, size: sm matches snapshot 1`] = `"hover:opacity-75 focus:opacity-75 focus:outline-none text-secondary w-4 h-4"`;

exports[`<Button /> variants Variant: icon, color: success, size: lg matches snapshot 1`] = `"hover:opacity-75 focus:opacity-75 focus:outline-none text-success w-8 h-8"`;

exports[`<Button /> variants Variant: icon, color: success, size: md matches snapshot 1`] = `"hover:opacity-75 focus:opacity-75 focus:outline-none text-success w-6 h-6"`;

exports[`<Button /> variants Variant: icon, color: success, size: sm matches snapshot 1`] = `"hover:opacity-75 focus:opacity-75 focus:outline-none text-success w-4 h-4"`;

exports[`<Button /> variants Variant: icon, color: warning, size: lg matches snapshot 1`] = `"hover:opacity-75 focus:opacity-75 focus:outline-none text-warning w-8 h-8"`;

exports[`<Button /> variants Variant: icon, color: warning, size: md matches snapshot 1`] = `"hover:opacity-75 focus:opacity-75 focus:outline-none text-warning w-6 h-6"`;

exports[`<Button /> variants Variant: icon, color: warning, size: sm matches snapshot 1`] = `"hover:opacity-75 focus:opacity-75 focus:outline-none text-warning w-4 h-4"`;

exports[`<Button /> variants Variant: link, color: cancel, size: lg matches snapshot 1`] = `"hover:opacity-75 focus:opacity-75 focus:outline-none border-b border-solid bg-none p-0 border-cancel text-cancel text-lg"`;

exports[`<Button /> variants Variant: link, color: cancel, size: md matches snapshot 1`] = `"hover:opacity-75 focus:opacity-75 focus:outline-none border-b border-solid bg-none p-0 border-cancel text-cancel text-base"`;

exports[`<Button /> variants Variant: link, color: cancel, size: sm matches snapshot 1`] = `"hover:opacity-75 focus:opacity-75 focus:outline-none border-b border-solid bg-none p-0 border-cancel text-cancel text-sm"`;

exports[`<Button /> variants Variant: link, color: error, size: lg matches snapshot 1`] = `"hover:opacity-75 focus:opacity-75 focus:outline-none border-b border-solid bg-none p-0 border-error text-error text-lg"`;

exports[`<Button /> variants Variant: link, color: error, size: md matches snapshot 1`] = `"hover:opacity-75 focus:opacity-75 focus:outline-none border-b border-solid bg-none p-0 border-error text-error text-base"`;

exports[`<Button /> variants Variant: link, color: error, size: sm matches snapshot 1`] = `"hover:opacity-75 focus:opacity-75 focus:outline-none border-b border-solid bg-none p-0 border-error text-error text-sm"`;

exports[`<Button /> variants Variant: link, color: primary, size: lg matches snapshot 1`] = `"hover:opacity-75 focus:opacity-75 focus:outline-none border-b border-solid bg-none p-0 text-primary border-primary text-lg"`;

exports[`<Button /> variants Variant: link, color: primary, size: md matches snapshot 1`] = `"hover:opacity-75 focus:opacity-75 focus:outline-none border-b border-solid bg-none p-0 text-primary border-primary text-base"`;

exports[`<Button /> variants Variant: link, color: primary, size: sm matches snapshot 1`] = `"hover:opacity-75 focus:opacity-75 focus:outline-none border-b border-solid bg-none p-0 text-primary border-primary text-sm"`;

exports[`<Button /> variants Variant: link, color: secondary, size: lg matches snapshot 1`] = `"hover:opacity-75 focus:opacity-75 focus:outline-none border-b border-solid bg-none p-0 text-secondary border-secondary text-lg"`;

exports[`<Button /> variants Variant: link, color: secondary, size: md matches snapshot 1`] = `"hover:opacity-75 focus:opacity-75 focus:outline-none border-b border-solid bg-none p-0 text-secondary border-secondary text-base"`;

exports[`<Button /> variants Variant: link, color: secondary, size: sm matches snapshot 1`] = `"hover:opacity-75 focus:opacity-75 focus:outline-none border-b border-solid bg-none p-0 text-secondary border-secondary text-sm"`;

exports[`<Button /> variants Variant: link, color: success, size: lg matches snapshot 1`] = `"hover:opacity-75 focus:opacity-75 focus:outline-none border-b border-solid bg-none p-0 border-success text-success text-lg"`;

exports[`<Button /> variants Variant: link, color: success, size: md matches snapshot 1`] = `"hover:opacity-75 focus:opacity-75 focus:outline-none border-b border-solid bg-none p-0 border-success text-success text-base"`;

exports[`<Button /> variants Variant: link, color: success, size: sm matches snapshot 1`] = `"hover:opacity-75 focus:opacity-75 focus:outline-none border-b border-solid bg-none p-0 border-success text-success text-sm"`;

exports[`<Button /> variants Variant: link, color: warning, size: lg matches snapshot 1`] = `"hover:opacity-75 focus:opacity-75 focus:outline-none border-b border-solid bg-none p-0 border-warning text-black text-lg"`;

exports[`<Button /> variants Variant: link, color: warning, size: md matches snapshot 1`] = `"hover:opacity-75 focus:opacity-75 focus:outline-none border-b border-solid bg-none p-0 border-warning text-black text-base"`;

exports[`<Button /> variants Variant: link, color: warning, size: sm matches snapshot 1`] = `"hover:opacity-75 focus:opacity-75 focus:outline-none border-b border-solid bg-none p-0 border-warning text-black text-sm"`;

exports[`<Button /> variants Variant: outline, color: cancel, size: lg matches snapshot 1`] = `"hover:opacity-75 focus:opacity-75 focus:outline-none rounded border border-solid bg-light border-cancel text-cancel px-8 py-4 text-lg"`;

exports[`<Button /> variants Variant: outline, color: cancel, size: md matches snapshot 1`] = `"hover:opacity-75 focus:opacity-75 focus:outline-none rounded border border-solid bg-light border-cancel text-cancel px-4 py-2 text-base"`;

exports[`<Button /> variants Variant: outline, color: cancel, size: sm matches snapshot 1`] = `"hover:opacity-75 focus:opacity-75 focus:outline-none rounded border border-solid bg-light border-cancel text-cancel px-2 py-1 text-sm"`;

exports[`<Button /> variants Variant: outline, color: error, size: lg matches snapshot 1`] = `"hover:opacity-75 focus:opacity-75 focus:outline-none rounded border border-solid bg-light border-error text-error px-8 py-4 text-lg"`;

exports[`<Button /> variants Variant: outline, color: error, size: md matches snapshot 1`] = `"hover:opacity-75 focus:opacity-75 focus:outline-none rounded border border-solid bg-light border-error text-error px-4 py-2 text-base"`;

exports[`<Button /> variants Variant: outline, color: error, size: sm matches snapshot 1`] = `"hover:opacity-75 focus:opacity-75 focus:outline-none rounded border border-solid bg-light border-error text-error px-2 py-1 text-sm"`;

exports[`<Button /> variants Variant: outline, color: primary, size: lg matches snapshot 1`] = `"hover:opacity-75 focus:opacity-75 focus:outline-none rounded border border-solid bg-light text-primary border-primary px-8 py-4 text-lg"`;

exports[`<Button /> variants Variant: outline, color: primary, size: md matches snapshot 1`] = `"hover:opacity-75 focus:opacity-75 focus:outline-none rounded border border-solid bg-light text-primary border-primary px-4 py-2 text-base"`;

exports[`<Button /> variants Variant: outline, color: primary, size: sm matches snapshot 1`] = `"hover:opacity-75 focus:opacity-75 focus:outline-none rounded border border-solid bg-light text-primary border-primary px-2 py-1 text-sm"`;

exports[`<Button /> variants Variant: outline, color: secondary, size: lg matches snapshot 1`] = `"hover:opacity-75 focus:opacity-75 focus:outline-none rounded border border-solid bg-light text-secondary border-secondary px-8 py-4 text-lg"`;

exports[`<Button /> variants Variant: outline, color: secondary, size: md matches snapshot 1`] = `"hover:opacity-75 focus:opacity-75 focus:outline-none rounded border border-solid bg-light text-secondary border-secondary px-4 py-2 text-base"`;

exports[`<Button /> variants Variant: outline, color: secondary, size: sm matches snapshot 1`] = `"hover:opacity-75 focus:opacity-75 focus:outline-none rounded border border-solid bg-light text-secondary border-secondary px-2 py-1 text-sm"`;

exports[`<Button /> variants Variant: outline, color: success, size: lg matches snapshot 1`] = `"hover:opacity-75 focus:opacity-75 focus:outline-none rounded border border-solid bg-light border-success text-success px-8 py-4 text-lg"`;

exports[`<Button /> variants Variant: outline, color: success, size: md matches snapshot 1`] = `"hover:opacity-75 focus:opacity-75 focus:outline-none rounded border border-solid bg-light border-success text-success px-4 py-2 text-base"`;

exports[`<Button /> variants Variant: outline, color: success, size: sm matches snapshot 1`] = `"hover:opacity-75 focus:opacity-75 focus:outline-none rounded border border-solid bg-light border-success text-success px-2 py-1 text-sm"`;

exports[`<Button /> variants Variant: outline, color: warning, size: lg matches snapshot 1`] = `"hover:opacity-75 focus:opacity-75 focus:outline-none rounded border border-solid bg-light border-warning text-black px-8 py-4 text-lg"`;

exports[`<Button /> variants Variant: outline, color: warning, size: md matches snapshot 1`] = `"hover:opacity-75 focus:opacity-75 focus:outline-none rounded border border-solid bg-light border-warning text-black px-4 py-2 text-base"`;

exports[`<Button /> variants Variant: outline, color: warning, size: sm matches snapshot 1`] = `"hover:opacity-75 focus:opacity-75 focus:outline-none rounded border border-solid bg-light border-warning text-black px-2 py-1 text-sm"`;

exports[`<Button /> variants Variant: solid, color: cancel, size: lg matches snapshot 1`] = `"hover:opacity-75 focus:opacity-75 focus:outline-none rounded bg-gray-600 border-gray-600 text-light px-8 py-4 text-lg"`;

exports[`<Button /> variants Variant: solid, color: cancel, size: md matches snapshot 1`] = `"hover:opacity-75 focus:opacity-75 focus:outline-none rounded bg-gray-600 border-gray-600 text-light px-4 py-2 text-base"`;

exports[`<Button /> variants Variant: solid, color: cancel, size: sm matches snapshot 1`] = `"hover:opacity-75 focus:opacity-75 focus:outline-none rounded bg-gray-600 border-gray-600 text-light px-2 py-1 text-sm"`;

exports[`<Button /> variants Variant: solid, color: error, size: lg matches snapshot 1`] = `"hover:opacity-75 focus:opacity-75 focus:outline-none rounded bg-error text-light border-error px-8 py-4 text-lg"`;

exports[`<Button /> variants Variant: solid, color: error, size: md matches snapshot 1`] = `"hover:opacity-75 focus:opacity-75 focus:outline-none rounded bg-error text-light border-error px-4 py-2 text-base"`;

exports[`<Button /> variants Variant: solid, color: error, size: sm matches snapshot 1`] = `"hover:opacity-75 focus:opacity-75 focus:outline-none rounded bg-error text-light border-error px-2 py-1 text-sm"`;

exports[`<Button /> variants Variant: solid, color: primary, size: lg matches snapshot 1`] = `"hover:opacity-75 focus:opacity-75 focus:outline-none rounded bg-primary text-light border-primary px-8 py-4 text-lg"`;

exports[`<Button /> variants Variant: solid, color: primary, size: md matches snapshot 1`] = `"hover:opacity-75 focus:opacity-75 focus:outline-none rounded bg-primary text-light border-primary px-4 py-2 text-base"`;

exports[`<Button /> variants Variant: solid, color: primary, size: sm matches snapshot 1`] = `"hover:opacity-75 focus:opacity-75 focus:outline-none rounded bg-primary text-light border-primary px-2 py-1 text-sm"`;

exports[`<Button /> variants Variant: solid, color: secondary, size: lg matches snapshot 1`] = `"hover:opacity-75 focus:opacity-75 focus:outline-none rounded bg-secondary border-secondary text-light px-8 py-4 text-lg"`;

exports[`<Button /> variants Variant: solid, color: secondary, size: md matches snapshot 1`] = `"hover:opacity-75 focus:opacity-75 focus:outline-none rounded bg-secondary border-secondary text-light px-4 py-2 text-base"`;

exports[`<Button /> variants Variant: solid, color: secondary, size: sm matches snapshot 1`] = `"hover:opacity-75 focus:opacity-75 focus:outline-none rounded bg-secondary border-secondary text-light px-2 py-1 text-sm"`;

exports[`<Button /> variants Variant: solid, color: success, size: lg matches snapshot 1`] = `"hover:opacity-75 focus:opacity-75 focus:outline-none rounded bg-success text-light border-success px-8 py-4 text-lg"`;

exports[`<Button /> variants Variant: solid, color: success, size: md matches snapshot 1`] = `"hover:opacity-75 focus:opacity-75 focus:outline-none rounded bg-success text-light border-success px-4 py-2 text-base"`;

exports[`<Button /> variants Variant: solid, color: success, size: sm matches snapshot 1`] = `"hover:opacity-75 focus:opacity-75 focus:outline-none rounded bg-success text-light border-success px-2 py-1 text-sm"`;

exports[`<Button /> variants Variant: solid, color: warning, size: lg matches snapshot 1`] = `"hover:opacity-75 focus:opacity-75 focus:outline-none rounded bg-warning text-dark border-warning px-8 py-4 text-lg"`;

exports[`<Button /> variants Variant: solid, color: warning, size: md matches snapshot 1`] = `"hover:opacity-75 focus:opacity-75 focus:outline-none rounded bg-warning text-dark border-warning px-4 py-2 text-base"`;

exports[`<Button /> variants Variant: solid, color: warning, size: sm matches snapshot 1`] = `"hover:opacity-75 focus:opacity-75 focus:outline-none rounded bg-warning text-dark border-warning px-2 py-1 text-sm"`;
